[Thu May 21 02:14:40 UTC 2026] Starting pipeline in: /arc/home/RongjunHuang/ICRAR/v3tk_to_VRI
[Thu May 21 02:14:40 UTC 2026] NCPU=64
[Thu May 21 02:14:40 UTC 2026] MAX_DL=2
[Thu May 21 02:14:40 UTC 2026] Log: v3tk_VRI_image_20260521_021440.log

[Thu May 21 02:15:25 UTC 2026] Step 1/3: observed R images
Found 26 file(s)
Workers: 64
Pattern: *_DATACUBE_FINAL_WCS_Pall_mad_red_v3tk_VRI.fits
OK  NGC4694 -> NGC4694_observed_VRI.png, NGC4694_observed_VRI.pdf
OK  IC3392 -> IC3392_observed_VRI.png, IC3392_observed_VRI.pdf
OK  NGC4607 -> NGC4607_observed_VRI.png, NGC4607_observed_VRI.pdf
OK  NGC4405 -> NGC4405_observed_VRI.png, NGC4405_observed_VRI.pdf
OK  NGC4522 -> NGC4522_observed_VRI.png, NGC4522_observed_VRI.pdf
OK  NGC4606 -> NGC4606_observed_VRI.png, NGC4606_observed_VRI.pdf
OK  NGC4457 -> NGC4457_observed_VRI.png, NGC4457_observed_VRI.pdf
OK  NGC4351 -> NGC4351_observed_VRI.png, NGC4351_observed_VRI.pdf
OK  NGC4388 -> NGC4388_observed_VRI.png, NGC4388_observed_VRI.pdf
OK  NGC4419 -> NGC4419_observed_VRI.png, NGC4419_observed_VRI.pdf
OK  NGC4189 -> NGC4189_observed_VRI.png, NGC4189_observed_VRI.pdf
OK  NGC4394 -> NGC4394_observed_VRI.png, NGC4394_observed_VRI.pdf
OK  NGC4064 -> NGC4064_observed_VRI.png, NGC4064_observed_VRI.pdf
OK  NGC4294 -> NGC4294_observed_VRI.png, NGC4294_observed_VRI.pdf
OK  NGC4580 -> NGC4580_observed_VRI.png, NGC4580_observed_VRI.pdf
OK  NGC4383 -> NGC4383_observed_VRI.png, NGC4383_observed_VRI.pdf
OK  NGC4302 -> NGC4302_observed_VRI.png, NGC4302_observed_VRI.pdf
OK  NGC4698 -> NGC4698_observed_VRI.png, NGC4698_observed_VRI.pdf
OK  NGC4293 -> NGC4293_observed_VRI.png, NGC4293_observed_VRI.pdf
OK  NGC4567_8 -> NGC4567_8_observed_VRI.png, NGC4567_8_observed_VRI.pdf
OK  NGC4402 -> NGC4402_observed_VRI.png, NGC4402_observed_VRI.pdf
OK  NGC4396 -> NGC4396_observed_VRI.png, NGC4396_observed_VRI.pdf
OK  NGC4298 -> NGC4298_observed_VRI.png, NGC4298_observed_VRI.pdf
OK  NGC4330 -> NGC4330_observed_VRI.png, NGC4330_observed_VRI.pdf
OK  NGC4192 -> NGC4192_observed_VRI.png, NGC4192_observed_VRI.pdf
OK  NGC4501 -> NGC4501_observed_VRI.png, NGC4501_observed_VRI.pdf
Done. ok=26 fail=0 runtime=49.24s


[Thu May 21 02:16:16 UTC 2026] Step 2/3: legacy download + reproject
ERROR conda.cli.main_run:execute(127): `conda run python v3tk_get_legacy.py --overwrite --workers 64 --max-concurrent-downloads 2` failed. (See above for error)
Found 26 file(s)
Layer: ls-dr9
Legacy pixscale: 0.262 arcsec/pix
Margin factor: 1.02
[ERROR] Failed to download after retries: https://www.legacysurvey.org/viewer/fits-cutout?ra=188.4142733699&dec=9.1756613274&layer=ls-dr9&pixscale=0.26200&width=459&height=513&bands=r (HTTP Error 429: Too Many Requests)
[ERROR] Failed to download after retries: https://www.legacysurvey.org/viewer/fits-cutout?ra=185.4268195915&dec=14.5943732633&layer=ls-dr9&pixscale=0.26200&width=250&height=1105&bands=r (HTTP Error 429: Too Many Requests)
[ERROR] Failed to download after retries: https://www.legacysurvey.org/viewer/fits-cutout?ra=189.4509245303&dec=5.3682303566&layer=ls-dr9&pixscale=0.26200&width=503&height=482&bands=r (HTTP Error 429: Too Many Requests)
[ERROR] Failed to download after retries: https://www.legacysurvey.org/viewer/fits-cutout?ra=186.4977461996&dec=15.6713094370&layer=ls-dr9&pixscale=0.26200&width=687&height=588&bands=r (HTTP Error 429: Too Many Requests)
[NGC4383] wrote: NGC4383_legacy_reprojected.jpg (633x705) | muse-center RA=186.356629 Dec=16.473690 | legacy-center offset (arcsec): dRA=-0.000 dDec=-0.000 | cutout=493x549
[ERROR] Failed to download after retries: https://www.legacysurvey.org/viewer/fits-cutout?ra=190.3020907307&dec=11.8871746386&layer=ls-dr9&pixscale=0.26200&width=245&height=465&bands=r (HTTP Error 429: Too Many Requests)
[NGC4388] wrote: NGC4388_legacy_reprojected.jpg (870x323) | muse-center RA=186.448343 Dec=12.662135 | legacy-center offset (arcsec): dRA=-0.000 dDec=-0.000 | cutout=677x251
[NGC4606] wrote: NGC4606_legacy_reprojected.jpg (434x435) | muse-center RA=190.240621 Dec=11.911643 | legacy-center offset (arcsec): dRA=+0.000 dDec=-0.000 | cutout=338x338
[NGC4694] wrote: NGC4694_legacy_reprojected.jpg (439x441) | muse-center RA=192.063656 Dec=10.985228 | legacy-center offset (arcsec): dRA=-0.000 dDec=-0.000 | cutout=342x343
[NGC4351] wrote: NGC4351_legacy_reprojected.jpg (591x323) | muse-center RA=186.005646 Dec=12.205008 | legacy-center offset (arcsec): dRA=-0.000 dDec=-0.000 | cutout=460x251
[ERROR] Failed to download after retries: https://www.legacysurvey.org/viewer/jpeg-cutout?ra=192.0950271322&dec=8.4860579302&layer=ls-dr9&pixscale=0.26200&width=473&height=926 (HTTP Error 429: Too Many Requests)
[NGC4064] wrote: NGC4064_legacy_reprojected.jpg (566x665) | muse-center RA=181.045802 Dec=18.444971 | legacy-center offset (arcsec): dRA=+0.000 dDec=+0.000 | cutout=440x518
[ERROR] Failed to download after retries: https://www.legacysurvey.org/viewer/fits-cutout?ra=186.7349554490&dec=15.0477237063&layer=ls-dr9&pixscale=0.26200&width=489&height=500&bands=r (HTTP Error 429: Too Many Requests)
[NGC4457] wrote: NGC4457_legacy_reprojected.jpg (725x725) | muse-center RA=187.246207 Dec=3.570134 | legacy-center offset (arcsec): dRA=-0.000 dDec=+0.000 | cutout=564x564
[NGC4567_8] wrote: NGC4567_8_legacy_reprojected.jpg (971x1059) | muse-center RA=189.138265 Dec=11.243891 | legacy-center offset (arcsec): dRA=+0.000 dDec=-0.000 | cutout=756x824
[NGC4189] wrote: NGC4189_legacy_reprojected.jpg (598x319) | muse-center RA=183.448527 Dec=13.426249 | legacy-center offset (arcsec): dRA=+0.000 dDec=+0.000 | cutout=465x248
[NGC4402] wrote: NGC4402_legacy_reprojected.jpg (1152x318) | muse-center RA=186.528756 Dec=13.113676 | legacy-center offset (arcsec): dRA=+0.000 dDec=-0.000 | cutout=897x247
[NGC4330] wrote: NGC4330_legacy_reprojected.jpg (881x760) | muse-center RA=185.822859 Dec=11.367914 | legacy-center offset (arcsec): dRA=+0.000 dDec=-0.000 | cutout=686x592
[NGC4298] wrote: NGC4298_legacy_reprojected.jpg (1042x995) | muse-center RA=185.387932 Dec=14.604104 | legacy-center offset (arcsec): dRA=+0.000 dDec=+0.000 | cutout=811x775
[ERROR] Failed to download after retries: https://www.legacysurvey.org/viewer/jpeg-cutout?ra=187.1811560519&dec=14.9994334370&layer=ls-dr9&pixscale=0.26200&width=340&height=341 (HTTP Error 429: Too Many Requests)
[NGC4394] wrote: NGC4394_legacy_reprojected.jpg (624x647) | muse-center RA=186.481337 Dec=18.213673 | legacy-center offset (arcsec): dRA=-0.000 dDec=+0.000 | cutout=486x504
[NGC4501] wrote: NGC4501_legacy_reprojected.jpg (1205x1236) | muse-center RA=187.996572 Dec=14.419375 | legacy-center offset (arcsec): dRA=-0.000 dDec=-0.000 | cutout=938x962
[NGC4405] wrote: NGC4405_legacy_reprojected.jpg (522x663) | muse-center RA=186.530141 Dec=16.180478 | legacy-center offset (arcsec): dRA=+0.000 dDec=-0.000 | cutout=406x516
[NGC4293] wrote: NGC4293_legacy_reprojected.jpg (923x532) | muse-center RA=185.303791 Dec=18.382926 | legacy-center offset (arcsec): dRA=-0.000 dDec=-0.000 | cutout=718x414
[NGC4294] wrote: NGC4294_legacy_reprojected.jpg (567x663) | muse-center RA=185.324332 Dec=11.510069 | legacy-center offset (arcsec): dRA=-0.000 dDec=-0.000 | cutout=441x516
[NGC4192] wrote: NGC4192_legacy_reprojected.jpg (1092x1629) | muse-center RA=183.452348 Dec=14.900141 | legacy-center offset (arcsec): dRA=+0.000 dDec=+0.000 | cutout=850x1268
Workers: 64
Max concurrent downloads: 2
Done: 18/26 processed in 509.3s

